
> masc@0.0.1 check
> svelte-kit sync && svelte-check --tsconfig ./tsconfig.json

Loading svelte-check in workspace: c:\Users\codersilicon\Documents\Secret\Vault256
Getting Svelte diagnostics...

c:\Users\codersilicon\Documents\Secret\Vault256\[32msrc\routes\login\+page.svelte[39m:47:11
[33mWarn[39m: A form label must be associated with a control
https://svelte.dev/e/a11y_label_has_associated_control (svelte)
[36m        <div class="flex flex-col gap-2">
          [35m<label class="text-emerald-600 text-xs uppercase">User_Identity</label>[36m
          <input[39m

c:\Users\codersilicon\Documents\Secret\Vault256\[32msrc\routes\login\+page.svelte[39m:57:11
[33mWarn[39m: A form label must be associated with a control
https://svelte.dev/e/a11y_label_has_associated_control (svelte)
[36m        <div class="flex flex-col gap-2">
          [35m<label class="text-emerald-600 text-xs uppercase">Access_Key</label>[36m
          <input[39m

c:\Users\codersilicon\Documents\Secret\Vault256\[32msrc\routes\vault\+page.svelte[39m:239:11
[33mWarn[39m: Buttons and links should either contain text or have an `aria-label`, `aria-labelledby` or `title` attribute
https://svelte.dev/e/a11y_consider_explicit_label (svelte)
[36m        <div class="flex items-center gap-1 bg-zinc-900 p-1">
          [35m<button 
            on:click={() => viewMode = 'grid'}
            class="p-1.5 transition-all {viewMode === 'grid' ? 'bg-zinc-800 text-emerald-500' : 'text-zinc-600 hover:text-zinc-400'}"
          >
            <svg class="w-4 h-4" fill="none" stroke="currentColor" viewBox="0 0 24 24">
              <path stroke-linecap="round" stroke-linejoin="round" stroke-width="2" d="M4 6a2 2 0 012-2h2a2 2 0 012 2v2a2 2 0 01-2 2H6a2 2 0 01-2-2V6zM14 6a2 2 0 012-2h2a2 2 0 012 2v2a2 2 0 01-2 2h-2a2 2 0 01-2-2V6zM4 16a2 2 0 012-2h2a2 2 0 012 2v2a2 2 0 01-2 2H6a2 2 0 01-2-2v-2zM14 16a2 2 0 012-2h2a2 2 0 012 2v2a2 2 0 01-2 2h-2a2 2 0 01-2-2v-2z"/>
            </svg>
          </button>[36m
          <button[39m

c:\Users\codersilicon\Documents\Secret\Vault256\[32msrc\routes\vault\+page.svelte[39m:247:11
[33mWarn[39m: Buttons and links should either contain text or have an `aria-label`, `aria-labelledby` or `title` attribute
https://svelte.dev/e/a11y_consider_explicit_label (svelte)
[36m          </button>
          [35m<button 
            on:click={() => viewMode = 'list'}
            class="p-1.5 transition-all {viewMode === 'list' ? 'bg-zinc-800 text-emerald-500' : 'text-zinc-600 hover:text-zinc-400'}"
          >
            <svg class="w-4 h-4" fill="none" stroke="currentColor" viewBox="0 0 24 24">
              <path stroke-linecap="round" stroke-linejoin="round" stroke-width="2" d="M4 6h16M4 12h16M4 18h16"/>
            </svg>
          </button>[36m
        </div>[39m

====================================
[33msvelte-check found 0 errors and 4 warnings in 2 files
[39m
